cargo :     Checking 
auto-savings v0.1.0 (C:\Users
\vclin_jjufoql\Documents\SAS\
programs\auto-savings)
At line:1 char:27
+ cd programs/auto-savings; 
cargo check 2>&1 | Out-File 
-FilePath ..\.. ...
+                           
~~~~~~~~~~~~~~~~
    + CategoryInfo           
   : NotSpecified: (    Che  
  cking au...s\auto-saving   
 s):String) [], RemoteExc    
eption
    + FullyQualifiedErrorId  
   : NativeCommandError
 
error: init_if_needed 
requires that anchor-lang be 
imported with the 
init-if-needed cargo feature 
enabled. Carefully read the 
init_if_needed docs before 
using this feature to make 
sure you know how to protect 
yourself against 
re-initialization attacks.
   --> src\lib.rs:868:9
    |
868 |         init_if_needed,
    |         ^^^^^^^^^^^^^^

error: init_if_needed 
requires that anchor-lang be 
imported with the 
init-if-needed cargo feature 
enabled. Carefully read the 
init_if_needed docs before 
using this feature to make 
sure you know how to protect 
yourself against 
re-initialization attacks.
   --> src\lib.rs:888:9
    |
888 |         init_if_needed,
    |         ^^^^^^^^^^^^^^

error[E0432]: unresolved 
import `crate`
  --> src\lib.rs:13:1
   |
13 | #[program]
   | ^^^^^^^^^^ could not 
find `__client_accounts_initi
alize_token_vault` in the 
crate root
   |
   = note: this error 
originates in the attribute 
macro `program` (in Nightly 
builds, run with -Z 
macro-backtrace for more 
info)

warning: unexpected `cfg` 
condition value: 
`custom-heap`
  --> src\lib.rs:13:1
   |
13 | #[program]
   | ^^^^^^^^^^
   |
   = note: expected values 
for `feature` are: `cpi`, 
`default`, `idl-build`, 
`no-entrypoint`, `no-idl`, 
and `no-log-ix-name`
   = note: using a cfg 
inside a macro will use the 
cfgs from the destination 
crate and not the ones from 
the defining crate
   = help: try referring to `
$crate::custom_heap_default` 
crate for guidance on how 
handle this unexpected cfg
   = help: the macro `$crate:
:custom_heap_default` may 
come from an old version of 
the 
`solana_program_entrypoint` 
crate, try updating your 
dependency with `cargo 
update -p 
solana_program_entrypoint`
   = note: see <https://doc.r
ust-lang.org/nightly/rustc/ch
eck-cfg/cargo-specifics.html>
 for more information about 
checking conditional 
configuration
   = note: 
`#[warn(unexpected_cfgs)]` 
on by default
   = note: this warning 
originates in the macro `$cra
te::custom_heap_default` 
which comes from the 
expansion of the attribute 
macro `program` (in Nightly 
builds, run with -Z 
macro-backtrace for more 
info)

warning: unexpected `cfg` 
condition value: `solana`
  --> src\lib.rs:13:1
   |
13 | #[program]
   | ^^^^^^^^^^
   |
   = note: expected values 
for `target_os` are: `aix`, 
`amdhsa`, `android`, `cuda`, 
`cygwin`, `dragonfly`, 
`emscripten`, `espidf`, 
`freebsd`, `fuchsia`, 
`haiku`, `helenos`, 
`hermit`, `horizon`, `hurd`, 
`illumos`, `ios`, `l4re`, 
`linux`, `lynxos178`, 
`macos`, `managarm`, 
`motor`, `netbsd`, `none`, 
`nto`, `nuttx`, `openbsd`, 
`psp`, `psx`, `qurt`, 
`redox`, `rtems`, `solaris`, 
and `solid_asp3` and 14 more
   = note: using a cfg 
inside a macro will use the 
cfgs from the destination 
crate and not the ones from 
the defining crate
   = help: try referring to `
$crate::custom_heap_default` 
crate for guidance on how 
handle this unexpected cfg
   = help: the macro `$crate:
:custom_heap_default` may 
come from an old version of 
the 
`solana_program_entrypoint` 
crate, try updating your 
dependency with `cargo 
update -p 
solana_program_entrypoint`
   = note: see <https://doc.r
ust-lang.org/nightly/rustc/ch
eck-cfg/cargo-specifics.html>
 for more information about 
checking conditional 
configuration
   = note: this warning 
originates in the macro `$cra
te::custom_heap_default` 
which comes from the 
expansion of the attribute 
macro `program` (in Nightly 
builds, run with -Z 
macro-backtrace for more 
info)

warning: unexpected `cfg` 
condition value: 
`custom-panic`
  --> src\lib.rs:13:1
   |
13 | #[program]
   | ^^^^^^^^^^
   |
   = note: expected values 
for `feature` are: `cpi`, 
`default`, `idl-build`, 
`no-entrypoint`, `no-idl`, 
and `no-log-ix-name`
   = note: using a cfg 
inside a macro will use the 
cfgs from the destination 
crate and not the ones from 
the defining crate
   = help: try referring to `
$crate::custom_panic_default`
 crate for guidance on how 
handle this unexpected cfg
   = help: the macro `$crate:
:custom_panic_default` may 
come from an old version of 
the 
`solana_program_entrypoint` 
crate, try updating your 
dependency with `cargo 
update -p 
solana_program_entrypoint`
   = note: see <https://doc.r
ust-lang.org/nightly/rustc/ch
eck-cfg/cargo-specifics.html>
 for more information about 
checking conditional 
configuration
   = note: this warning 
originates in the macro `$cra
te::custom_panic_default` 
which comes from the 
expansion of the attribute 
macro `program` (in Nightly 
builds, run with -Z 
macro-backtrace for more 
info)

warning: unexpected `cfg` 
condition value: `solana`
  --> src\lib.rs:13:1
   |
13 | #[program]
   | ^^^^^^^^^^
   |
   = note: expected values 
for `target_os` are: `aix`, 
`amdhsa`, `android`, `cuda`, 
`cygwin`, `dragonfly`, 
`emscripten`, `espidf`, 
`freebsd`, `fuchsia`, 
`haiku`, `helenos`, 
`hermit`, `horizon`, `hurd`, 
`illumos`, `ios`, `l4re`, 
`linux`, `lynxos178`, 
`macos`, `managarm`, 
`motor`, `netbsd`, `none`, 
`nto`, `nuttx`, `openbsd`, 
`psp`, `psx`, `qurt`, 
`redox`, `rtems`, `solaris`, 
and `solid_asp3` and 14 more
   = note: using a cfg 
inside a macro will use the 
cfgs from the destination 
crate and not the ones from 
the defining crate
   = help: try referring to `
$crate::custom_panic_default`
 crate for guidance on how 
handle this unexpected cfg
   = help: the macro `$crate:
:custom_panic_default` may 
come from an old version of 
the 
`solana_program_entrypoint` 
crate, try updating your 
dependency with `cargo 
update -p 
solana_program_entrypoint`
   = note: see <https://doc.r
ust-lang.org/nightly/rustc/ch
eck-cfg/cargo-specifics.html>
 for more information about 
checking conditional 
configuration
   = note: this warning 
originates in the macro `$cra
te::custom_panic_default` 
which comes from the 
expansion of the attribute 
macro `program` (in Nightly 
builds, run with -Z 
macro-backtrace for more 
info)

warning: unexpected `cfg` 
condition value: 
`anchor-debug`
  --> src\lib.rs:13:1
   |
13 | #[program]
   | ^^^^^^^^^^
   |
   = note: expected values 
for `feature` are: `cpi`, 
`default`, `idl-build`, 
`no-entrypoint`, `no-idl`, 
and `no-log-ix-name`
   = note: using a cfg 
inside a attribute macro 
will use the cfgs from the 
destination crate and not 
the ones from the defining 
crate
   = help: try referring to 
`program` crate for guidance 
on how handle this 
unexpected cfg
   = help: the attribute 
macro `program` may come 
from an old version of the 
`anchor_attribute_program` 
crate, try updating your 
dependency with `cargo 
update -p 
anchor_attribute_program`
   = note: see <https://doc.r
ust-lang.org/nightly/rustc/ch
eck-cfg/cargo-specifics.html>
 for more information about 
checking conditional 
configuration
   = note: this warning 
originates in the attribute 
macro `program` (in Nightly 
builds, run with -Z 
macro-backtrace for more 
info)

warning: unexpected `cfg` 
condition value: 
`anchor-debug`
  --> src\lib.rs:13:1
   |
13 | #[program]
   | ^^^^^^^^^^
   |
   = note: expected values 
for `feature` are: `cpi`, 
`default`, `idl-build`, 
`no-entrypoint`, `no-idl`, 
and `no-log-ix-name`
   = note: using a cfg 
inside a derive macro will 
use the cfgs from the 
destination crate and not 
the ones from the defining 
crate
   = help: try referring to 
`Accounts` crate for 
guidance on how handle this 
unexpected cfg
   = help: the derive macro 
`Accounts` may come from an 
old version of the 
`anchor_derive_accounts` 
crate, try updating your 
dependency with `cargo 
update -p 
anchor_derive_accounts`
   = note: see <https://doc.r
ust-lang.org/nightly/rustc/ch
eck-cfg/cargo-specifics.html>
 for more information about 
checking conditional 
configuration
   = note: this warning 
originates in the derive 
macro `Accounts` (in Nightly 
builds, run with -Z 
macro-backtrace for more 
info)

warning: unexpected `cfg` 
condition value: 
`anchor-debug`
   --> src\lib.rs:654:10
    |
654 | #[derive(Accounts)]
    |          ^^^^^^^^
    |
    = note: expected values 
for `feature` are: `cpi`, 
`default`, `idl-build`, 
`no-entrypoint`, `no-idl`, 
and `no-log-ix-name`
    = note: using a cfg 
inside a derive macro will 
use the cfgs from the 
destination crate and not 
the ones from the defining 
crate
    = help: try referring to 
`Accounts` crate for 
guidance on how handle this 
unexpected cfg
    = help: the derive macro 
`Accounts` may come from an 
old version of the 
`anchor_derive_accounts` 
crate, try updating your 
dependency with `cargo 
update -p 
anchor_derive_accounts`
    = note: see <https://doc.
rust-lang.org/nightly/rustc/c
heck-cfg/cargo-specifics.html
> for more information about 
checking conditional 
configuration
    = note: this warning 
originates in the derive 
macro `Accounts` (in Nightly 
builds, run with -Z 
macro-backtrace for more 
info)

warning: unexpected `cfg` 
condition value: 
`anchor-debug`
   --> src\lib.rs:679:10
    |
679 | #[derive(Accounts)]
    |          ^^^^^^^^
    |
    = note: expected values 
for `feature` are: `cpi`, 
`default`, `idl-build`, 
`no-entrypoint`, `no-idl`, 
and `no-log-ix-name`
    = note: using a cfg 
inside a derive macro will 
use the cfgs from the 
destination crate and not 
the ones from the defining 
crate
    = help: try referring to 
`Accounts` crate for 
guidance on how handle this 
unexpected cfg
    = help: the derive macro 
`Accounts` may come from an 
old version of the 
`anchor_derive_accounts` 
crate, try updating your 
dependency with `cargo 
update -p 
anchor_derive_accounts`
    = note: see <https://doc.
rust-lang.org/nightly/rustc/c
heck-cfg/cargo-specifics.html
> for more information about 
checking conditional 
configuration
    = note: this warning 
originates in the derive 
macro `Accounts` (in Nightly 
builds, run with -Z 
macro-backtrace for more 
info)

warning: unexpected `cfg` 
condition value: 
`anchor-debug`
   --> src\lib.rs:704:10
    |
704 | #[derive(Accounts)]
    |          ^^^^^^^^
    |
    = note: expected values 
for `feature` are: `cpi`, 
`default`, `idl-build`, 
`no-entrypoint`, `no-idl`, 
and `no-log-ix-name`
    = note: using a cfg 
inside a derive macro will 
use the cfgs from the 
destination crate and not 
the ones from the defining 
crate
    = help: try referring to 
`Accounts` crate for 
guidance on how handle this 
unexpected cfg
    = help: the derive macro 
`Accounts` may come from an 
old version of the 
`anchor_derive_accounts` 
crate, try updating your 
dependency with `cargo 
update -p 
anchor_derive_accounts`
    = note: see <https://doc.
rust-lang.org/nightly/rustc/c
heck-cfg/cargo-specifics.html
> for more information about 
checking conditional 
configuration
    = note: this warning 
originates in the derive 
macro `Accounts` (in Nightly 
builds, run with -Z 
macro-backtrace for more 
info)

warning: unexpected `cfg` 
condition value: 
`anchor-debug`
   --> src\lib.rs:721:10
    |
721 | #[derive(Accounts)]
    |          ^^^^^^^^
    |
    = note: expected values 
for `feature` are: `cpi`, 
`default`, `idl-build`, 
`no-entrypoint`, `no-idl`, 
and `no-log-ix-name`
    = note: using a cfg 
inside a derive macro will 
use the cfgs from the 
destination crate and not 
the ones from the defining 
crate
    = help: try referring to 
`Accounts` crate for 
guidance on how handle this 
unexpected cfg
    = help: the derive macro 
`Accounts` may come from an 
old version of the 
`anchor_derive_accounts` 
crate, try updating your 
dependency with `cargo 
update -p 
anchor_derive_accounts`
    = note: see <https://doc.
rust-lang.org/nightly/rustc/c
heck-cfg/cargo-specifics.html
> for more information about 
checking conditional 
configuration
    = note: this warning 
originates in the derive 
macro `Accounts` (in Nightly 
builds, run with -Z 
macro-backtrace for more 
info)

warning: unexpected `cfg` 
condition value: 
`anchor-debug`
   --> src\lib.rs:763:10
    |
763 | #[derive(Accounts)]
    |          ^^^^^^^^
    |
    = note: expected values 
for `feature` are: `cpi`, 
`default`, `idl-build`, 
`no-entrypoint`, `no-idl`, 
and `no-log-ix-name`
    = note: using a cfg 
inside a derive macro will 
use the cfgs from the 
destination crate and not 
the ones from the defining 
crate
    = help: try referring to 
`Accounts` crate for 
guidance on how handle this 
unexpected cfg
    = help: the derive macro 
`Accounts` may come from an 
old version of the 
`anchor_derive_accounts` 
crate, try updating your 
dependency with `cargo 
update -p 
anchor_derive_accounts`
    = note: see <https://doc.
rust-lang.org/nightly/rustc/c
heck-cfg/cargo-specifics.html
> for more information about 
checking conditional 
configuration
    = note: this warning 
originates in the derive 
macro `Accounts` (in Nightly 
builds, run with -Z 
macro-backtrace for more 
info)

warning: unexpected `cfg` 
condition value: 
`anchor-debug`
   --> src\lib.rs:805:10
    |
805 | #[derive(Accounts)]
    |          ^^^^^^^^
    |
    = note: expected values 
for `feature` are: `cpi`, 
`default`, `idl-build`, 
`no-entrypoint`, `no-idl`, 
and `no-log-ix-name`
    = note: using a cfg 
inside a derive macro will 
use the cfgs from the 
destination crate and not 
the ones from the defining 
crate
    = help: try referring to 
`Accounts` crate for 
guidance on how handle this 
unexpected cfg
    = help: the derive macro 
`Accounts` may come from an 
old version of the 
`anchor_derive_accounts` 
crate, try updating your 
dependency with `cargo 
update -p 
anchor_derive_accounts`
    = note: see <https://doc.
rust-lang.org/nightly/rustc/c
heck-cfg/cargo-specifics.html
> for more information about 
checking conditional 
configuration
    = note: this warning 
originates in the derive 
macro `Accounts` (in Nightly 
builds, run with -Z 
macro-backtrace for more 
info)

warning: unexpected `cfg` 
condition value: 
`anchor-debug`
   --> src\lib.rs:832:10
    |
832 | #[derive(Accounts)]
    |          ^^^^^^^^
    |
    = note: expected values 
for `feature` are: `cpi`, 
`default`, `idl-build`, 
`no-entrypoint`, `no-idl`, 
and `no-log-ix-name`
    = note: using a cfg 
inside a derive macro will 
use the cfgs from the 
destination crate and not 
the ones from the defining 
crate
    = help: try referring to 
`Accounts` crate for 
guidance on how handle this 
unexpected cfg
    = help: the derive macro 
`Accounts` may come from an 
old version of the 
`anchor_derive_accounts` 
crate, try updating your 
dependency with `cargo 
update -p 
anchor_derive_accounts`
    = note: see <https://doc.
rust-lang.org/nightly/rustc/c
heck-cfg/cargo-specifics.html
> for more information about 
checking conditional 
configuration
    = note: this warning 
originates in the derive 
macro `Accounts` (in Nightly 
builds, run with -Z 
macro-backtrace for more 
info)

warning: unexpected `cfg` 
condition value: 
`anchor-debug`
   --> src\lib.rs:902:10
    |
902 | #[derive(Accounts)]
    |          ^^^^^^^^
    |
    = note: expected values 
for `feature` are: `cpi`, 
`default`, `idl-build`, 
`no-entrypoint`, `no-idl`, 
and `no-log-ix-name`
    = note: using a cfg 
inside a derive macro will 
use the cfgs from the 
destination crate and not 
the ones from the defining 
crate
    = help: try referring to 
`Accounts` crate for 
guidance on how handle this 
unexpected cfg
    = help: the derive macro 
`Accounts` may come from an 
old version of the 
`anchor_derive_accounts` 
crate, try updating your 
dependency with `cargo 
update -p 
anchor_derive_accounts`
    = note: see <https://doc.
rust-lang.org/nightly/rustc/c
heck-cfg/cargo-specifics.html
> for more information about 
checking conditional 
configuration
    = note: this warning 
originates in the derive 
macro `Accounts` (in Nightly 
builds, run with -Z 
macro-backtrace for more 
info)

warning: unexpected `cfg` 
condition value: 
`anchor-debug`
   --> src\lib.rs:919:10
    |
919 | #[derive(Accounts)]
    |          ^^^^^^^^
    |
    = note: expected values 
for `feature` are: `cpi`, 
`default`, `idl-build`, 
`no-entrypoint`, `no-idl`, 
and `no-log-ix-name`
    = note: using a cfg 
inside a derive macro will 
use the cfgs from the 
destination crate and not 
the ones from the defining 
crate
    = help: try referring to 
`Accounts` crate for 
guidance on how handle this 
unexpected cfg
    = help: the derive macro 
`Accounts` may come from an 
old version of the 
`anchor_derive_accounts` 
crate, try updating your 
dependency with `cargo 
update -p 
anchor_derive_accounts`
    = note: see <https://doc.
rust-lang.org/nightly/rustc/c
heck-cfg/cargo-specifics.html
> for more information about 
checking conditional 
configuration
    = note: this warning 
originates in the derive 
macro `Accounts` (in Nightly 
builds, run with -Z 
macro-backtrace for more 
info)

warning: unexpected `cfg` 
condition value: 
`anchor-debug`
   --> src\lib.rs:938:10
    |
938 | #[derive(Accounts)]
    |          ^^^^^^^^
    |
    = note: expected values 
for `feature` are: `cpi`, 
`default`, `idl-build`, 
`no-entrypoint`, `no-idl`, 
and `no-log-ix-name`
    = note: using a cfg 
inside a derive macro will 
use the cfgs from the 
destination crate and not 
the ones from the defining 
crate
    = help: try referring to 
`Accounts` crate for 
guidance on how handle this 
unexpected cfg
    = help: the derive macro 
`Accounts` may come from an 
old version of the 
`anchor_derive_accounts` 
crate, try updating your 
dependency with `cargo 
update -p 
anchor_derive_accounts`
    = note: see <https://doc.
rust-lang.org/nightly/rustc/c
heck-cfg/cargo-specifics.html
> for more information about 
checking conditional 
configuration
    = note: this warning 
originates in the derive 
macro `Accounts` (in Nightly 
builds, run with -Z 
macro-backtrace for more 
info)

warning: unexpected `cfg` 
condition value: 
`anchor-debug`
   --> src\lib.rs:955:10
    |
955 | #[derive(Accounts)]
    |          ^^^^^^^^
    |
    = note: expected values 
for `feature` are: `cpi`, 
`default`, `idl-build`, 
`no-entrypoint`, `no-idl`, 
and `no-log-ix-name`
    = note: using a cfg 
inside a derive macro will 
use the cfgs from the 
destination crate and not 
the ones from the defining 
crate
    = help: try referring to 
`Accounts` crate for 
guidance on how handle this 
unexpected cfg
    = help: the derive macro 
`Accounts` may come from an 
old version of the 
`anchor_derive_accounts` 
crate, try updating your 
dependency with `cargo 
update -p 
anchor_derive_accounts`
    = note: see <https://doc.
rust-lang.org/nightly/rustc/c
heck-cfg/cargo-specifics.html
> for more information about 
checking conditional 
configuration
    = note: this warning 
originates in the derive 
macro `Accounts` (in Nightly 
builds, run with -Z 
macro-backtrace for more 
info)

warning: unexpected `cfg` 
condition value: 
`anchor-debug`
   --> src\lib.rs:972:10
    |
972 | #[derive(Accounts)]
    |          ^^^^^^^^
    |
    = note: expected values 
for `feature` are: `cpi`, 
`default`, `idl-build`, 
`no-entrypoint`, `no-idl`, 
and `no-log-ix-name`
    = note: using a cfg 
inside a derive macro will 
use the cfgs from the 
destination crate and not 
the ones from the defining 
crate
    = help: try referring to 
`Accounts` crate for 
guidance on how handle this 
unexpected cfg
    = help: the derive macro 
`Accounts` may come from an 
old version of the 
`anchor_derive_accounts` 
crate, try updating your 
dependency with `cargo 
update -p 
anchor_derive_accounts`
    = note: see <https://doc.
rust-lang.org/nightly/rustc/c
heck-cfg/cargo-specifics.html
> for more information about 
checking conditional 
configuration
    = note: this warning 
originates in the derive 
macro `Accounts` (in Nightly 
builds, run with -Z 
macro-backtrace for more 
info)

warning: unexpected `cfg` 
condition value: 
`anchor-debug`
    --> src\lib.rs:1025:10
     |
1025 | #[derive(Accounts)]
     |          ^^^^^^^^
     |
     = note: expected values 
for `feature` are: `cpi`, 
`default`, `idl-build`, 
`no-entrypoint`, `no-idl`, 
and `no-log-ix-name`
     = note: using a cfg 
inside a derive macro will 
use the cfgs from the 
destination crate and not 
the ones from the defining 
crate
     = help: try referring 
to `Accounts` crate for 
guidance on how handle this 
unexpected cfg
     = help: the derive 
macro `Accounts` may come 
from an old version of the 
`anchor_derive_accounts` 
crate, try updating your 
dependency with `cargo 
update -p 
anchor_derive_accounts`
     = note: see <https://doc
.rust-lang.org/nightly/rustc/
check-cfg/cargo-specifics.htm
l> for more information 
about checking conditional 
configuration
     = note: this warning 
originates in the derive 
macro `Accounts` (in Nightly 
builds, run with -Z 
macro-backtrace for more 
info)

error[E0277]: the trait 
bound 
`InitializeTokenVault<'_>: 
Bumps` is not satisfied
   --> src\lib.rs:314:14
    |
314 |         ctx: Context<In
itializeTokenVault>,
    |              ^^^^^^^^^^
^^^^^^^^^^^^^^^^^^^ 
unsatisfied trait bound
    |
help: the trait `Bumps` is 
not implemented for 
`InitializeTokenVault<'_>`
   --> src\lib.rs:856:1
    |
856 | pub struct 
InitializeTokenVault<'info> {
    | ^^^^^^^^^^^^^^^^^^^^^^^
^^^^^^^^^^^^^^^
    = help: the following 
other types implement trait 
`Bumps`:
              
CreateAllocation<'info>
              
CreateNonceAccount<'info>
              CreateNonceAcco
untWithSeed<'info>
              DefaultAccountS
tateInitialize<'info>
              DefaultAccountS
tateUpdate<'info>
              Deposit<'info>
              GroupMemberPoin
terInitialize<'info>
              GroupMemberPoin
terUpdate<'info>
            and 92 others
note: required by a bound in 
`anchor_lang::context::Contex
t`
   --> C:\Users\vclin_jjufoql
\.cargo\registry\src\index.cr
ates.io-1949cf8c6b5b557f\anch
or-lang-0.32.1\src\context.rs
:24:42
    |
 24 | pub struct Context<'a, 
'b, 'c, 'info, T: Bumps> {
    |                        
                  ^^^^^ 
required by this bound in 
`Context`

error[E0277]: the trait 
bound `SetAutoSwap<'_>: 
Bumps` is not satisfied
   --> src\lib.rs:336:14
    |
336 |         ctx: 
Context<SetAutoSwap>,
    |              
^^^^^^^^^^^^^^^^^^^^ 
unsatisfied trait bound
    |
help: the trait `Bumps` is 
not implemented for 
`SetAutoSwap<'_>`
   --> src\lib.rs:886:1
    |
886 | pub struct 
SetAutoSwap<'info> {
    | 
^^^^^^^^^^^^^^^^^^^^^^^^^^^^^
    = help: the following 
other types implement trait 
`Bumps`:
              
CreateAllocation<'info>
              
CreateNonceAccount<'info>
              CreateNonceAcco
untWithSeed<'info>
              DefaultAccountS
tateInitialize<'info>
              DefaultAccountS
tateUpdate<'info>
              Deposit<'info>
              GroupMemberPoin
terInitialize<'info>
              GroupMemberPoin
terUpdate<'info>
            and 92 others
note: required by a bound in 
`anchor_lang::context::Contex
t`
   --> C:\Users\vclin_jjufoql
\.cargo\registry\src\index.cr
ates.io-1949cf8c6b5b557f\anch
or-lang-0.32.1\src\context.rs
:24:42
    |
 24 | pub struct Context<'a, 
'b, 'c, 'info, T: Bumps> {
    |                        
                  ^^^^^ 
required by this bound in 
`Context`

error[E0277]: the trait 
bound 
`InitializeTokenVault<'_>: 
Bumps` is not satisfied
   --> src\lib.rs:314:22
    |
314 |         ctx: Context<In
itializeTokenVault>,
    |                      
^^^^^^^^^^^^^^^^^^^^ 
unsatisfied trait bound
    |
help: the trait `Bumps` is 
not implemented for 
`InitializeTokenVault<'_>`
   --> src\lib.rs:856:1
    |
856 | pub struct 
InitializeTokenVault<'info> {
    | ^^^^^^^^^^^^^^^^^^^^^^^
^^^^^^^^^^^^^^^
    = help: the following 
other types implement trait 
`Bumps`:
              
CreateAllocation<'info>
              
CreateNonceAccount<'info>
              CreateNonceAcco
untWithSeed<'info>
              DefaultAccountS
tateInitialize<'info>
              DefaultAccountS
tateUpdate<'info>
              Deposit<'info>
              GroupMemberPoin
terInitialize<'info>
              GroupMemberPoin
terUpdate<'info>
            and 92 others

error[E0277]: the trait 
bound 
`InitializeTokenVault<'_>: 
Bumps` is not satisfied
   --> src\lib.rs:13:1
    |
 13 | #[program]
    | ^^^^^^^^^^ unsatisfied 
trait bound
    |
help: the trait `Bumps` is 
not implemented for 
`InitializeTokenVault<'_>`
   --> src\lib.rs:856:1
    |
856 | pub struct 
InitializeTokenVault<'info> {
    | ^^^^^^^^^^^^^^^^^^^^^^^
^^^^^^^^^^^^^^^
    = help: the following 
other types implement trait 
`Bumps`:
              
CreateAllocation<'info>
              
CreateNonceAccount<'info>
              CreateNonceAcco
untWithSeed<'info>
              DefaultAccountS
tateInitialize<'info>
              DefaultAccountS
tateUpdate<'info>
              Deposit<'info>
              GroupMemberPoin
terInitialize<'info>
              GroupMemberPoin
terUpdate<'info>
            and 92 others
    = note: this error 
originates in the attribute 
macro `program` (in Nightly 
builds, run with -Z 
macro-backtrace for more 
info)

error[E0599]: no function or 
associated item named 
`try_accounts` found for 
struct `InitializeTokenVault<
'info>` in the current scope
   --> src\lib.rs:13:1
    |
 13 | #[program]
    | ^^^^^^^^^^ function or 
associated item not found in 
`InitializeTokenVault<'_>`
...
856 | pub struct 
InitializeTokenVault<'info> {
    | -----------------------
--------------- function or 
associated item 
`try_accounts` not found for 
this struct
    |
    = help: items from 
traits can only be used if 
the trait is implemented and 
in scope
    = note: the following 
trait defines an item 
`try_accounts`, perhaps you 
need to implement it:
            candidate #1: 
`anchor_lang::Accounts`
    = note: this error 
originates in the attribute 
macro `program` (in Nightly 
builds, run with -Z 
macro-backtrace for more 
info)

error[E0277]: the trait 
bound 
`InitializeTokenVault<'_>: 
anchor_lang::Accounts<'_, 
_>` is not satisfied
   --> src\lib.rs:13:1
    |
 13 | #[program]
    | ^^^^^^^^^^ unsatisfied 
trait bound
    |
help: the trait 
`anchor_lang::Accounts<'_, 
_>` is not implemented for 
`InitializeTokenVault<'_>`
   --> src\lib.rs:856:1
    |
856 | pub struct 
InitializeTokenVault<'info> {
    | ^^^^^^^^^^^^^^^^^^^^^^^
^^^^^^^^^^^^^^^
    = help: the following 
other types implement trait `
anchor_lang::Accounts<'info, 
B>`:
              
`AccountLoader<'info, T>` 
implements `anchor_lang::Acco
unts<'info, B>`
              `Box<T>` 
implements `anchor_lang::Acco
unts<'info, B>`
              
`CreateAllocation<'info>` 
implements `anchor_lang::Acco
unts<'info, 
CreateAllocationBumps>`
              
`CreateNonceAccount<'info>` 
implements `anchor_lang::Acco
unts<'info, 
CreateNonceAccountBumps>`
              `CreateNonceAcc
ountWithSeed<'info>` 
implements `anchor_lang::Acco
unts<'info, CreateNonceAccoun
tWithSeedBumps>`
              `DefaultAccount
StateInitialize<'info>` 
implements `anchor_lang::Acco
unts<'info, DefaultAccountSta
teInitializeBumps>`
              `DefaultAccount
StateUpdate<'info>` 
implements `anchor_lang::Acco
unts<'info, DefaultAccountSta
teUpdateBumps>`
              
`Deposit<'info>` implements `
anchor_lang::Accounts<'info, 
DepositBumps>`
            and 105 others
note: required by a bound in 
`anchor_lang::context::Contex
t::<'a, 'b, 'c, 'info, 
T>::new`
   --> C:\Users\vclin_jjufoql
\.cargo\registry\src\index.cr
ates.io-1949cf8c6b5b557f\anch
or-lang-0.32.1\src\context.rs
:55:16
    |
 55 |     T: Bumps + 
Accounts<'info, T::Bumps>,
    |                
^^^^^^^^^^^^^^^^^^^^^^^^^ 
required by this bound in 
`Context::<'a, 'b, 'c, 
'info, T>::new`
 56 | {
 57 |     pub fn new(
    |            --- 
required by a bound in this 
associated function
    = note: this error 
originates in the attribute 
macro `program` (in Nightly 
builds, run with -Z 
macro-backtrace for more 
info)

error[E0277]: the trait 
bound `SetAutoSwap<'_>: 
Bumps` is not satisfied
   --> src\lib.rs:336:22
    |
336 |         ctx: 
Context<SetAutoSwap>,
    |                      
^^^^^^^^^^^ unsatisfied 
trait bound
    |
help: the trait `Bumps` is 
not implemented for 
`SetAutoSwap<'_>`
   --> src\lib.rs:886:1
    |
886 | pub struct 
SetAutoSwap<'info> {
    | 
^^^^^^^^^^^^^^^^^^^^^^^^^^^^^
    = help: the following 
other types implement trait 
`Bumps`:
              
CreateAllocation<'info>
              
CreateNonceAccount<'info>
              CreateNonceAcco
untWithSeed<'info>
              DefaultAccountS
tateInitialize<'info>
              DefaultAccountS
tateUpdate<'info>
              Deposit<'info>
              GroupMemberPoin
terInitialize<'info>
              GroupMemberPoin
terUpdate<'info>
            and 92 others

error[E0277]: the trait 
bound `SetAutoSwap<'_>: 
Bumps` is not satisfied
   --> src\lib.rs:13:1
    |
 13 | #[program]
    | ^^^^^^^^^^ unsatisfied 
trait bound
    |
help: the trait `Bumps` is 
not implemented for 
`SetAutoSwap<'_>`
   --> src\lib.rs:886:1
    |
886 | pub struct 
SetAutoSwap<'info> {
    | 
^^^^^^^^^^^^^^^^^^^^^^^^^^^^^
    = help: the following 
other types implement trait 
`Bumps`:
              
CreateAllocation<'info>
              
CreateNonceAccount<'info>
              CreateNonceAcco
untWithSeed<'info>
              DefaultAccountS
tateInitialize<'info>
              DefaultAccountS
tateUpdate<'info>
              Deposit<'info>
              GroupMemberPoin
terInitialize<'info>
              GroupMemberPoin
terUpdate<'info>
            and 92 others
    = note: this error 
originates in the attribute 
macro `program` (in Nightly 
builds, run with -Z 
macro-backtrace for more 
info)

error[E0599]: no function or 
associated item named 
`try_accounts` found for 
struct `SetAutoSwap<'info>` 
in the current scope
   --> src\lib.rs:13:1
    |
 13 | #[program]
    | ^^^^^^^^^^ function or 
associated item not found in 
`SetAutoSwap<'_>`
...
886 | pub struct 
SetAutoSwap<'info> {
    | -----------------------
------ function or 
associated item 
`try_accounts` not found for 
this struct
    |
    = help: items from 
traits can only be used if 
the trait is implemented and 
in scope
    = note: the following 
trait defines an item 
`try_accounts`, perhaps you 
need to implement it:
            candidate #1: 
`anchor_lang::Accounts`
    = note: this error 
originates in the attribute 
macro `program` (in Nightly 
builds, run with -Z 
macro-backtrace for more 
info)

error[E0277]: the trait 
bound `SetAutoSwap<'_>: 
anchor_lang::Accounts<'_, 
_>` is not satisfied
   --> src\lib.rs:13:1
    |
 13 | #[program]
    | ^^^^^^^^^^ unsatisfied 
trait bound
    |
help: the trait 
`anchor_lang::Accounts<'_, 
_>` is not implemented for 
`SetAutoSwap<'_>`
   --> src\lib.rs:886:1
    |
886 | pub struct 
SetAutoSwap<'info> {
    | 
^^^^^^^^^^^^^^^^^^^^^^^^^^^^^
    = help: the following 
other types implement trait `
anchor_lang::Accounts<'info, 
B>`:
              
`AccountLoader<'info, T>` 
implements `anchor_lang::Acco
unts<'info, B>`
              `Box<T>` 
implements `anchor_lang::Acco
unts<'info, B>`
              
`CreateAllocation<'info>` 
implements `anchor_lang::Acco
unts<'info, 
CreateAllocationBumps>`
              
`CreateNonceAccount<'info>` 
implements `anchor_lang::Acco
unts<'info, 
CreateNonceAccountBumps>`
              `CreateNonceAcc
ountWithSeed<'info>` 
implements `anchor_lang::Acco
unts<'info, CreateNonceAccoun
tWithSeedBumps>`
              `DefaultAccount
StateInitialize<'info>` 
implements `anchor_lang::Acco
unts<'info, DefaultAccountSta
teInitializeBumps>`
              `DefaultAccount
StateUpdate<'info>` 
implements `anchor_lang::Acco
unts<'info, DefaultAccountSta
teUpdateBumps>`
              
`Deposit<'info>` implements `
anchor_lang::Accounts<'info, 
DepositBumps>`
            and 105 others
note: required by a bound in 
`anchor_lang::context::Contex
t::<'a, 'b, 'c, 'info, 
T>::new`
   --> C:\Users\vclin_jjufoql
\.cargo\registry\src\index.cr
ates.io-1949cf8c6b5b557f\anch
or-lang-0.32.1\src\context.rs
:55:16
    |
 55 |     T: Bumps + 
Accounts<'info, T::Bumps>,
    |                
^^^^^^^^^^^^^^^^^^^^^^^^^ 
required by this bound in 
`Context::<'a, 'b, 'c, 
'info, T>::new`
 56 | {
 57 |     pub fn new(
    |            --- 
required by a bound in this 
associated function
    = note: this error 
originates in the attribute 
macro `program` (in Nightly 
builds, run with -Z 
macro-backtrace for more 
info)

error[E0277]: the trait 
bound 
`InitializeTokenVault<'_>: 
Bumps` is not satisfied in `a
nchor_lang::context::Context<
'_, '_, '_, '_, 
InitializeTokenVault<'_>>`
   --> src\lib.rs:314:14
    |
314 |         ctx: Context<In
itializeTokenVault>,
    |              ^^^^^^^^^^
^^^^^^^^^^^^^^^^^^^ 
unsatisfied trait bound
    |
help: within `anchor_lang::co
ntext::Context<'_, '_, '_, 
'_, 
InitializeTokenVault<'_>>`, 
the trait `Bumps` is not 
implemented for 
`InitializeTokenVault<'_>`
   --> src\lib.rs:856:1
    |
856 | pub struct 
InitializeTokenVault<'info> {
    | ^^^^^^^^^^^^^^^^^^^^^^^
^^^^^^^^^^^^^^^
    = help: the following 
other types implement trait 
`Bumps`:
              
CreateAllocation<'info>
              
CreateNonceAccount<'info>
              CreateNonceAcco
untWithSeed<'info>
              DefaultAccountS
tateInitialize<'info>
              DefaultAccountS
tateUpdate<'info>
              Deposit<'info>
              GroupMemberPoin
terInitialize<'info>
              GroupMemberPoin
terUpdate<'info>
            and 92 others
note: required because it 
appears within the type `anch
or_lang::context::Context<'_,
 '_, '_, '_, 
InitializeTokenVault<'_>>`
   --> C:\Users\vclin_jjufoql
\.cargo\registry\src\index.cr
ates.io-1949cf8c6b5b557f\anch
or-lang-0.32.1\src\context.rs
:24:12
    |
 24 | pub struct Context<'a, 
'b, 'c, 'info, T: Bumps> {
    |            ^^^^^^^
help: function arguments 
must have a statically known 
size, borrowed types always 
have a known size
    |
314 |         ctx: &Context<I
nitializeTokenVault>,
    |              +

error[E0277]: the trait 
bound 
`InitializeTokenVault<'_>: 
Bumps` is not satisfied
   --> src\lib.rs:324:35
    |
324 |         
token_vault_config.bump = 
ctx.bumps.token_vault_config;
    |                        
           ^^^^^^^^^ 
unsatisfied trait bound
    |
help: the trait `Bumps` is 
not implemented for 
`InitializeTokenVault<'_>`
   --> src\lib.rs:856:1
    |
856 | pub struct 
InitializeTokenVault<'info> {
    | ^^^^^^^^^^^^^^^^^^^^^^^
^^^^^^^^^^^^^^^
    = help: the following 
other types implement trait 
`Bumps`:
              
CreateAllocation<'info>
              
CreateNonceAccount<'info>
              CreateNonceAcco
untWithSeed<'info>
              DefaultAccountS
tateInitialize<'info>
              DefaultAccountS
tateUpdate<'info>
              Deposit<'info>
              GroupMemberPoin
terInitialize<'info>
              GroupMemberPoin
terUpdate<'info>
            and 92 others

error[E0277]: the trait 
bound `SetAutoSwap<'_>: 
Bumps` is not satisfied in `a
nchor_lang::context::Context<
'_, '_, '_, '_, 
SetAutoSwap<'_>>`
   --> src\lib.rs:336:14
    |
336 |         ctx: 
Context<SetAutoSwap>,
    |              
^^^^^^^^^^^^^^^^^^^^ 
unsatisfied trait bound
    |
help: within `anchor_lang::co
ntext::Context<'_, '_, '_, 
'_, SetAutoSwap<'_>>`, the 
trait `Bumps` is not 
implemented for 
`SetAutoSwap<'_>`
   --> src\lib.rs:886:1
    |
886 | pub struct 
SetAutoSwap<'info> {
    | 
^^^^^^^^^^^^^^^^^^^^^^^^^^^^^
    = help: the following 
other types implement trait 
`Bumps`:
              
CreateAllocation<'info>
              
CreateNonceAccount<'info>
              CreateNonceAcco
untWithSeed<'info>
              DefaultAccountS
tateInitialize<'info>
              DefaultAccountS
tateUpdate<'info>
              Deposit<'info>
              GroupMemberPoin
terInitialize<'info>
              GroupMemberPoin
terUpdate<'info>
            and 92 others
note: required because it 
appears within the type `anch
or_lang::context::Context<'_,
 '_, '_, '_, 
SetAutoSwap<'_>>`
   --> C:\Users\vclin_jjufoql
\.cargo\registry\src\index.cr
ates.io-1949cf8c6b5b557f\anch
or-lang-0.32.1\src\context.rs
:24:12
    |
 24 | pub struct Context<'a, 
'b, 'c, 'info, T: Bumps> {
    |            ^^^^^^^
help: function arguments 
must have a statically known 
size, borrowed types always 
have a known size
    |
336 |         ctx: 
&Context<SetAutoSwap>,
    |              +

error[E0277]: the trait 
bound `SetAutoSwap<'_>: 
Bumps` is not satisfied
   --> src\lib.rs:347:28
    |
347 |         
swap_config.bump = 
ctx.bumps.swap_config;
    |                        
    ^^^^^^^^^ unsatisfied 
trait bound
    |
help: the trait `Bumps` is 
not implemented for 
`SetAutoSwap<'_>`
   --> src\lib.rs:886:1
    |
886 | pub struct 
SetAutoSwap<'info> {
    | 
^^^^^^^^^^^^^^^^^^^^^^^^^^^^^
    = help: the following 
other types implement trait 
`Bumps`:
              
CreateAllocation<'info>
              
CreateNonceAccount<'info>
              CreateNonceAcco
untWithSeed<'info>
              DefaultAccountS
tateInitialize<'info>
              DefaultAccountS
tateUpdate<'info>
              Deposit<'info>
              GroupMemberPoin
terInitialize<'info>
              GroupMemberPoin
terUpdate<'info>
            and 92 others

error[E0502]: cannot borrow 
`*allocation_config` as 
immutable because it is also 
borrowed as mutable
   --> src\lib.rs:608:36
    |
588 |         let allocation 
= &mut allocation_config.allo
cations[index as usize];
    |                        
       ----------------- 
mutable borrow occurs here
...
608 |             let 
other_total: u16 = 
allocation_config
    |                        
            
^^^^^^^^^^^^^^^^^ immutable 
borrow occurs here
...
621 |             
allocation.percentage = 
new_percentage;
    |             -----------
--------------------------- 
mutable borrow later used 
here

Some errors have detailed 
explanations: E0277, E0432, 
E0502, E0599.
For more information about 
an error, try `rustc 
--explain E0277`.
warning: `auto-savings` 
(lib) generated 24 warnings 
(5 duplicates)
error: could not compile 
`auto-savings` (lib) due to 
18 previous errors; 24 
warnings emitted
