node : (node:1544) [MODULE_TY
PELESS_PACKAGE_JSON] 
Warning: Module type of file:
///C:/Users/vclin_jjufoql/Doc
uments/SAS/test-vault-creatio
n.js is not specified and it 
doesn't parse as CommonJS.
At line:1 char:1
+ node 
test-vault-creation.js 2>&1 
| Out-File -FilePath 
test-output.txt ...
+ ~~~~~~~~~~~~~~~~~~~~~~~~~~~
~~~~~
    + CategoryInfo           
   : NotSpecified: ((node:1  
  544) [MO...se as CommonJ   
 S.:String) [], RemoteExc    
eption
    + FullyQualifiedErrorId  
   : NativeCommandError
 
Reparsing as ES module 
because module syntax was 
detected. This incurs a 
performance overhead.
To eliminate this warning, 
add "type": "module" to C:\Us
ers\vclin_jjufoql\Documents\S
AS\package.json.
(Use `node --trace-warnings 
...` to show where the 
warning was created)
≡ƒÜÇ Testing Vault Creation from CLI

≡ƒôé Loading CLI wallet...
Γ£à Wallet loaded: 6FvyEfsRbRcvDDaUeu6xKDhiJCYzkZVx1n46QfnwMrsu

≡ƒîÉ Connecting to Devnet...
Γ£à Connected! Balance: 3.55839656 SOL

ΓÜÖ∩╕Å  Setting up Anchor provider...
Γ£à Program loaded: B4Zbm8qH2zLYSt7b3E79NNBCPvG1zQyUDiGWwDXcvG8Z

≡ƒöæ Deriving PDAs...
   UserConfig PDA: 251hwhYJYyf4NhyodynFUWrmH3vMdtm1t6wfVrG8dF2J
   Vault PDA: 4k9dtx9gJ8TxuBeMXhrT4v1Zt1S4vJfs3oVfRQfbYstX

≡ƒöì Checking if vault already exists...
Γ£à No existing vault found - ready to create!

≡ƒô¥ Creating vault with 50% savings rate...
   This will cost ~0.0023 SOL for rent exemption


Γ¥î ERROR: AnchorError 
occurred. Error Code: 
InstructionFallbackNotFound. 
Error Number: 101. Error 
Message: Fallback functions 
are not supported.

≡ƒôï Program Logs:
   Program B4Zbm8qH2zLYSt7b3E
79NNBCPvG1zQyUDiGWwDXcvG8Z 
invoke [1]
   Program log: AnchorError 
occurred. Error Code: 
InstructionFallbackNotFound. 
Error Number: 101. Error 
Message: Fallback functions 
are not supported.
   Program B4Zbm8qH2zLYSt7b3E
79NNBCPvG1zQyUDiGWwDXcvG8Z 
consumed 2597 of 200000 
compute units
   Program B4Zbm8qH2zLYSt7b3E
79NNBCPvG1zQyUDiGWwDXcvG8Z 
failed: custom program 
error: 0x65

≡ƒöì Debugging Info:
   Program ID: B4Zbm8qH2zLYSt
7b3E79NNBCPvG1zQyUDiGWwDXcvG8
Z
   Network: Devnet
   RPC: 
https://api.devnet.solana.com
